exports[`test App should render 1`] = `
<div>
  <img
    src="test-file-stub" />
  <ul>
    
  </ul>
</div>
`;
